{
  "checks_passed": 17,
  "checks_total": 17,
  "checks": [
    {
      "name": "existing_ascii_upper_regression",
      "pass": true
    },
    {
      "name": "dependency_order_and_prefix",
      "pass": true
    },
    {
      "name": "same_mtime_same_size_change",
      "pass": true
    },
    {
      "name": "transitive_recipe_change",
      "pass": true
    },
    {
      "name": "environment_change",
      "pass": true
    },
    {
      "name": "deleted_source",
      "pass": true
    },
    {
      "name": "reachable_cycle",
      "pass": true
    },
    {
      "name": "irrelevant_cycle",
      "pass": true
    },
    {
      "name": "symlink_escape",
      "pass": true
    },
    {
      "name": "unicode_codepoint_reverse",
      "pass": true
    },
    {
      "name": "shared_cache_multiple_roots",
      "pass": true
    },
    {
      "name": "warm_cache_reuse",
      "pass": true
    },
    {
      "name": "corrupt_cache_recomputed",
      "pass": true
    },
    {
      "name": "invalid_utf8_build_error",
      "pass": true
    },
    {
      "name": "relative_cache_after_cwd_change",
      "pass": true
    },
    {
      "name": "six_process_publish",
      "pass": true
    },
    {
      "name": "random_mutations_100",
      "pass": true
    }
  ],
  "cold_ms": 0.4136660136282444,
  "warm_mean_ms_100": 0.10940959007712081,
  "timing_note": "tiny pilot DAG; not the 5000-node tournament workload",
  "source_sha256": "4a1c56d75bd62ad0850246c4e9d47e8e62263d2fdfab2e0b15f81142e5f80e93",
  "measured_at_utc": "2026-09-26T02:08:08.381968+00:00",
  "review_origin": "current independent local execution, not upstream bundled claim",
  "implementation": "baseline",
  "task": "C2_cache",
  "wall_seconds": 0.13708408302045427,
  "python": "3.14.4",
  "platform": "macOS-27.2-arm64-arm-64bit-Mach-O"
}

STDERR:
