{
  "checks_passed": 10,
  "checks_total": 10,
  "checks": [
    {
      "name": "basic",
      "pass": true
    },
    {
      "name": "immutable_snapshot",
      "pass": true
    },
    {
      "name": "atomic_validation",
      "pass": true
    },
    {
      "name": "idempotency_after_compact",
      "pass": true
    },
    {
      "name": "delete_no_resurrection",
      "pass": true
    },
    {
      "name": "single_writer",
      "pass": true
    },
    {
      "name": "random_model_200_transactions",
      "pass": true
    },
    {
      "name": "sigkill_atomicity_4_windows",
      "pass": true
    },
    {
      "name": "acknowledged_process_exit",
      "pass": true
    },
    {
      "name": "closed_handle",
      "pass": true
    }
  ],
  "baseline_internal_format_checks": [
    true,
    true,
    true
  ],
  "transactions_per_second_500": 31143.025695602813,
  "timing_seconds": 0.016054958978202194,
  "timing_note": "single local run; not power-loss proof or formal leaderboard",
  "review_origin": "current independent local execution, not upstream bundled claim",
  "implementation": "baseline",
  "task": "C1_crashkv",
  "wall_seconds": 0.2327112499915529,
  "python": "3.14.4",
  "platform": "macOS-27.2-arm64-arm-64bit-Mach-O"
}

STDERR:
